// Jest Snapshot v1, https://goo.gl/fbAQLP

exports[`AboutComponent component renders unchanged 1`] = `
<h2>
  About us
</h2>
`;
