// Jest Snapshot v1, https://goo.gl/fbAQLP

exports[`CheckoutError component renders unchanged 1`] = `
<button
  onClick={[Function]}
  style={
    Object {
      "background": "none",
      "border": "0",
    }
  }
  type="button"
>
  <div
    className="bg-warning scale-in-center"
    style={
      Object {
        "borderRadius": "50%",
        "height": "15px",
        "position": "absolute",
        "right": "14px",
        "top": "28px",
        "width": "15px",
      }
    }
  />
  <img
    alt="Checkout"
    src="/cart.png"
    style={
      Object {
        "cursor": "pointer",
        "height": "20px",
      }
    }
  />
</button>
`;
