// Jest Snapshot v1, https://goo.gl/fbAQLP

exports[`CheckoutError component renders unchanged 1`] = `"Hello"`;
