// Jest Snapshot v1, https://goo.gl/fbAQLP

exports[`Contact component renders unchanged 1`] = `
<div
  className="form-row"
>
  <h2
    className="mt-4"
  >
    Get In Touch
  </h2>
  <input
    className="mt-3 form-control"
    label="email"
    name="email"
    placeholder="jane.doe@example.com"
    required={true}
    type="text"
  />
  <textarea
    className="my-3 form-control"
    label="message"
    name="message"
    placeholder="Inquiring about my recent purchase..."
    required={true}
    rows={3}
    type="text"
  />
  <div
    className="my-3 form-check"
  >
    <input
      className="form-check-input"
      disabled={false}
      required={true}
      type="checkbox"
    />
    <label
      className="form-check-label"
      title=""
    >
      I am not a robot
    </label>
  </div>
</div>
`;
