// Jest Snapshot v1, https://goo.gl/fbAQLP

exports[`FAQComponent component renders unchanged 1`] = `
<h2>
  FAQ
</h2>
`;
