// Jest Snapshot v1, https://goo.gl/fbAQLP

exports[`Footer component renders unchanged 1`] = `
<footer>
  <div
    className="my-5 container"
  >
    <div
      className="align-items-center justify-content-center row"
    >
      <div
        className="col-lg-8 col-md-9 col-sm-12"
      >
        <h2>
          More Info
        </h2>
        <div
          className="d-flex flex-wrap"
        >
          <div
            className="d-flex flex-column"
          >
            <button
              className="btn btn-outline-dark mt-2 pl-1 text-left"
              id="About"
              onClick={[Function]}
              style={
                Object {
                  "border": "0",
                  "padding": "0",
                  "width": "200px",
                }
              }
              type="button"
            >
              About
            </button>
            <button
              className="btn btn-outline-dark mt-2 pl-1 text-left"
              id="FAQ"
              onClick={[Function]}
              style={
                Object {
                  "border": "0",
                  "padding": "0",
                  "width": "200px",
                }
              }
              type="button"
            >
              FAQ
            </button>
            <a
              href="mailto:youremail@here.com"
              rel="noreferrer"
              target="_blank"
            >
              <button
                className="btn btn-outline-dark mt-2 pl-1 text-left"
                id="Contact"
                style={
                  Object {
                    "border": "0",
                    "padding": "0",
                    "width": "200px",
                  }
                }
                type="button"
              >
                Contact
              </button>
            </a>
          </div>
          <div
            className="d-flex flex-column"
          >
            <button
              className="btn btn-outline-dark mt-2 pl-1 text-left"
              id="Terms and Conditions"
              onClick={[Function]}
              style={
                Object {
                  "border": "0",
                  "padding": "0",
                  "width": "200px",
                }
              }
              type="button"
            >
              Terms and Conditions
            </button>
            <button
              className="btn btn-outline-dark mt-2 pl-1 text-left"
              id="Privacy Policy"
              onClick={[Function]}
              style={
                Object {
                  "border": "0",
                  "padding": "0",
                  "width": "200px",
                }
              }
              type="button"
            >
              Privacy Policy
            </button>
            <button
              className="btn btn-outline-dark mt-2 pl-1 text-left"
              id="Shipping and Returns"
              onClick={[Function]}
              style={
                Object {
                  "border": "0",
                  "padding": "0",
                  "width": "200px",
                }
              }
              type="button"
            >
              Shipping and Returns
            </button>
          </div>
        </div>
      </div>
    </div>
    <div
      className="row"
    >
      <div
        className="d-flex justify-content-center col"
      >
        <p
          className="m-5 text-center"
        >
          Copyright 
          <br />
           
          2020
        </p>
      </div>
    </div>
  </div>
</footer>
`;
