// Jest Snapshot v1, https://goo.gl/fbAQLP

exports[`Loading component renders unchanged 1`] = `
<main
  className="full_screen loading"
>
  <div
    className="spinner-grow text-warning"
  />
</main>
`;
