// Jest Snapshot v1, https://goo.gl/fbAQLP

exports[`StickyTopNavbar component renders unchanged 1`] = `
<div
  className="d-flex justify-content-between w-100 fixed-top"
  style={
    Object {
      "background": "#FFFFFF !important",
    }
  }
>
  <nav
    className="justify-content-between fixed-top navbar navbar-expand-lg navbar-light fixed-top"
    style={
      Object {
        "backgroundColor": "#FFFFFF !important",
      }
    }
  >
    <img
      alt="React Bootstrap logo"
      className="d-inline-block align-top"
      height="75"
      src="/logo.svg"
    />
    <a
      className="navbar-brand"
      href="/"
    >
      Dog-Gone Goods
    </a>
    <div
      className="navbar-nav"
      onKeyDown={[Function]}
    >
      <button
        onClick={[Function]}
        style={
          Object {
            "background": "none",
            "border": "0",
          }
        }
        type="button"
      >
        <div
          className="bg-warning scale-in-center"
          style={
            Object {
              "borderRadius": "50%",
              "height": "15px",
              "position": "absolute",
              "right": "14px",
              "top": "28px",
              "width": "15px",
            }
          }
        />
        <img
          alt="Checkout"
          src="/cart.png"
          style={
            Object {
              "cursor": "pointer",
              "height": "20px",
            }
          }
        />
      </button>
    </div>
  </nav>
</div>
`;
