// Jest Snapshot v1, https://goo.gl/fbAQLP

exports[`ProductPreview component renders unchanged 1`] = `
<section
  className="d-flex flex-column justify-content-center align-items-center p-2"
>
  <img
    alt="view product"
    className="primary_image_preview"
  />
  <div
    className="img_previews"
  />
</section>
`;
