// Jest Snapshot v1, https://goo.gl/fbAQLP

exports[`Product component renders unchanged 1`] = `
<div
  className="align-items-center justify-content-center mb-2 align-items-center justify-content-center row"
>
  <div
    className="col-lg-8 col-md-9 col-sm-12"
  >
    <button
      className="btn btn-outline-dark  d-flex w-100"
      onClick={[Function]}
      style={
        Object {
          "borderRadius": "6px",
          "cursor": "pointer",
        }
      }
      type="button"
    >
      <img
        alt="Large Demo Product"
        className="product_img_prc"
        src="img.jpg"
      />
      <div
        className="d-flex w-100 flex-column align-items-end justify-content-center text-right"
      >
        <h5
          className="mt-3 mb-2 ellipse"
        >
          Large Demo Product
        </h5>
        <span
          className="text-muted mb-3"
        >
          $
          2.87
           USD
        </span>
      </div>
    </button>
  </div>
</div>
`;
